// Jest Snapshot v1, https://goo.gl/fbAQLP

exports[`CodeSnippet renders correctly 1`] = `
Array [
  <div
    id="UNIQUE_ID_OF_DIV"
    style={
      Object {
        "height": "84.7vh",
        "margin": "1em",
        "minWidth": "500px",
        "width": "520px",
      }
    }
  />,
  <div
    className="sc-AxjAm idqmap"
  >
    Copy to Clipboard:
    <button
      onClick={[Function]}
    >
      <svg
        aria-hidden={true}
        className="MuiSvgIcon-root"
        focusable="false"
        viewBox="0 0 24 24"
      >
        <path
          d="M16 1H4c-1.1 0-2 .9-2 2v14h2V3h12V1zm-1 4l6 6v10c0 1.1-.9 2-2 2H7.99C6.89 23 6 22.1 6 21l.01-14c0-1.1.89-2 1.99-2h7zm-1 7h5.5L14 6.5V12z"
        />
      </svg>
    </button>
  </div>,
]
`;
